
===== current state =====
>>> CalendarEvent/get {"ids": []}
<<< CalendarEvent/get {"state": "124", "list": [], "notFound": [], "accountId": "user1"}

===== calendars =====
>>> Calendar/get {"ids": null}
<<< Calendar/get {"state": "124", "list": [{"id": "Default", "name": "personal", "description": null, "sortOrder": 0, "isVisible": true, "isSubscribed": true, "isDefault": true, "includeInAvailability": "all", "timeZone": null, "myRights": {"mayReadFreeBusy": true, "mayReadItems": true, "mayWriteAll": true, "mayWriteOwn": true, "mayUpdatePrivate": true, "mayRSVP": true, "mayDelete": false, "mayShare": true}, "shareWith": null}, {"id": "client", "name": "client", "description": null, "sortOrder": 0, "isVisible": true, "isSubscribed": true, "isDefault": false, "includeInAvailability": "all", "timeZone": null, "myRights": {"mayReadFreeBusy": true, "mayReadItems": true, "mayWriteAll": true, "mayWriteOwn": true, "mayUpdatePrivate": true, "mayRSVP": true, "mayDelete": true, "mayShare": true}, "shareWith": null}, {"id": "expiry", "name": "expiry", "description": null, "sortOrder": 0, "isVisible": true, "isSubscribed": true, "isDefault": false, "includeInAvailability": "all", "timeZone": null, "myRights": {"mayReadFreeBusy": true, "mayReadItems": true, "mayWriteAll": true, "mayWriteOwn": true, "mayUpdatePrivate": true, "mayRSVP": true, "mayDelete": true, "mayShare": true}, "shareWith": null}, {"id": "probe", "name": "probe", "description": null, "sortOrder": 0, "isVisible": true, "isSubscribed": true, "isDefault": false, "includeInAvailability": "all", "timeZone": null, "myRights": {"mayReadFreeBusy": true, "mayReadItems": true, "mayWriteAll": true, "mayWriteOwn": true, "mayUpdatePrivate": true, "mayRSVP": true, "mayDelete": true, "mayShare": true}, "shareWith": null}], "notFound": [], "accountId": "user1"}

===== create round 0 =====
>>> CalendarEvent/set {"create": {"e0": {"@type": "Event", "version": "2.0", "uid": "expiry-0-0", "title": "x", "calendarIds": {"Default": true}, "start": "2026-10-20T10:00:00", "timeZone": "Etc/UTC", "duration": "PT1H"}, "e1": {"@type": "Event", "version": "2.0", "uid": "expiry-0-1", "title": "x", "calendarIds": {"Default": true}, "start": "2026-10-20T10:00:00", "timeZone": "Etc/UTC", "duration": "PT1H"}, "e2": {"@type": "Event", "version": "2.0", "uid": "expiry-0-2", "title": "x", "calendarIds": {"Default": true}, "start": "2026-10-20T10:00:00", "timeZone": "Etc/UTC", "duration": "PT1H"}}}
<<< CalendarEvent/set {"oldState": "124", "newState": "127", "created": {"e0": {"updated": "2026-10-10T06:24:40Z", "created": "2026-10-10T06:24:40Z", "id": "EMUF", "uid": "expiry-0-0", "x-href": "/dav/calendars/user/user1/Default/fe7fbd53-b263-4a57-96cc-097609b33a25.ics"}, "e1": {"updated": "2026-10-10T06:24:40Z", "created": "2026-10-10T06:24:40Z", "id": "EMUV", "uid": "expiry-0-1", "x-href": "/dav/calendars/user/user1/Default/c136ae49-e7a3-4de8-baae-1abd3ee88fcc.ics"}, "e2": {"updated": "2026-10-10T06:24:40Z", "created": "2026-10-10T06:24:40Z", "id": "EMUk", "uid": "expiry-0-2", "x-href": "/dav/calendars/user/user1/Default/343594e2-aa74-4a9b-ae6c-e337292065cb.ics"}}, "updated": null, "destroyed": null, "notCreated": null, "notUpdated": null, "notDestroyed": null, "accountId": "user1"}

===== destroy round 0 =====
>>> CalendarEvent/set {"destroy": ["EMUF", "EMUV", "EMUk"]}
<<< CalendarEvent/set {"oldState": "127", "newState": "130", "created": null, "updated": null, "destroyed": ["EMUF", "EMUV", "EMUk"], "notCreated": null, "notUpdated": null, "notDestroyed": null, "accountId": "user1"}

===== create round 1 =====
>>> CalendarEvent/set {"create": {"e0": {"@type": "Event", "version": "2.0", "uid": "expiry-1-0", "title": "x", "calendarIds": {"Default": true}, "start": "2026-10-20T10:00:00", "timeZone": "Etc/UTC", "duration": "PT1H"}, "e1": {"@type": "Event", "version": "2.0", "uid": "expiry-1-1", "title": "x", "calendarIds": {"Default": true}, "start": "2026-10-20T10:00:00", "timeZone": "Etc/UTC", "duration": "PT1H"}, "e2": {"@type": "Event", "version": "2.0", "uid": "expiry-1-2", "title": "x", "calendarIds": {"Default": true}, "start": "2026-10-20T10:00:00", "timeZone": "Etc/UTC", "duration": "PT1H"}}}
<<< CalendarEvent/set {"oldState": "130", "newState": "133", "created": {"e0": {"updated": "2026-10-10T06:24:40Z", "created": "2026-10-10T06:24:40Z", "id": "EMVk", "uid": "expiry-1-0", "x-href": "/dav/calendars/user/user1/Default/6722d0b2-9751-4d16-9a87-11b0f907a3f9.ics"}, "e1": {"updated": "2026-10-10T06:24:40Z", "created": "2026-10-10T06:24:40Z", "id": "EMW-", "uid": "expiry-1-1", "x-href": "/dav/calendars/user/user1/Default/da1f4a82-2a9c-4d7a-86f5-61b60201142f.ics"}, "e2": {"updated": "2026-10-10T06:24:40Z", "created": "2026-10-10T06:24:40Z", "id": "EMWF", "uid": "expiry-1-2", "x-href": "/dav/calendars/user/user1/Default/0e1b9909-e2fd-4a40-ae42-951b86bbd4e6.ics"}}, "updated": null, "destroyed": null, "notCreated": null, "notUpdated": null, "notDestroyed": null, "accountId": "user1"}

===== destroy round 1 =====
>>> CalendarEvent/set {"destroy": ["EMVk", "EMW-", "EMWF"]}
<<< CalendarEvent/set {"oldState": "133", "newState": "136", "created": null, "updated": null, "destroyed": ["EMVk", "EMW-", "EMWF"], "notCreated": null, "notUpdated": null, "notDestroyed": null, "accountId": "user1"}

===== create round 2 =====
>>> CalendarEvent/set {"create": {"e0": {"@type": "Event", "version": "2.0", "uid": "expiry-2-0", "title": "x", "calendarIds": {"Default": true}, "start": "2026-10-20T10:00:00", "timeZone": "Etc/UTC", "duration": "PT1H"}, "e1": {"@type": "Event", "version": "2.0", "uid": "expiry-2-1", "title": "x", "calendarIds": {"Default": true}, "start": "2026-10-20T10:00:00", "timeZone": "Etc/UTC", "duration": "PT1H"}, "e2": {"@type": "Event", "version": "2.0", "uid": "expiry-2-2", "title": "x", "calendarIds": {"Default": true}, "start": "2026-10-20T10:00:00", "timeZone": "Etc/UTC", "duration": "PT1H"}}}
<<< CalendarEvent/set {"oldState": "136", "newState": "139", "created": {"e0": {"updated": "2026-10-10T06:24:40Z", "created": "2026-10-10T06:24:40Z", "id": "EMXF", "uid": "expiry-2-0", "x-href": "/dav/calendars/user/user1/Default/1eced272-2033-426d-94fa-18f2e21443d6.ics"}, "e1": {"updated": "2026-10-10T06:24:40Z", "created": "2026-10-10T06:24:40Z", "id": "EMXV", "uid": "expiry-2-1", "x-href": "/dav/calendars/user/user1/Default/ca5d74ce-f772-4ca4-a810-1cae257fd204.ics"}, "e2": {"updated": "2026-10-10T06:24:40Z", "created": "2026-10-10T06:24:40Z", "id": "EMXk", "uid": "expiry-2-2", "x-href": "/dav/calendars/user/user1/Default/7c3ca5de-7855-43e4-b1cc-87393124d5ff.ics"}}, "updated": null, "destroyed": null, "notCreated": null, "notUpdated": null, "notDestroyed": null, "accountId": "user1"}

===== destroy round 2 =====
>>> CalendarEvent/set {"destroy": ["EMXF", "EMXV", "EMXk"]}
<<< CalendarEvent/set {"oldState": "139", "newState": "142", "created": null, "updated": null, "destroyed": ["EMXF", "EMXV", "EMXk"], "notCreated": null, "notUpdated": null, "notDestroyed": null, "accountId": "user1"}

===== changes from the saved state, before expiry =====
>>> CalendarEvent/changes {"sinceState": "124"}
<<< CalendarEvent/changes {"oldState": "124", "newState": "142", "hasMoreChanges": false, "created": [], "updated": [], "destroyed": [], "accountId": "user1"}

RESULT [Cyrus] before expiry, /changes from the saved state: CalendarEvent/changes answered
