
===== tick: create =====
>>> PUT /test/expiry/tick-a10e71b2-cc9e-468b-bf48-e17cd955cda1.ics
>>> Content-Type: text/calendar; charset=utf-8
>>> BEGIN:VCALENDAR

>>> VERSION:2.0

>>> PRODID:-//calendaring-sync evidence//EN

>>> BEGIN:VEVENT

>>> UID:tick-a10e71b2-cc9e-468b-bf48-e17cd955cda1.ics

>>> DTSTAMP:20261010T000000Z

>>> DTSTART:20261020T100000Z

>>> DTEND:20261020T110000Z

>>> SUMMARY:tick

>>> END:VEVENT

>>> END:VCALENDAR

>>> 
<<< 201 Created
<<< ETag: "90d1619e08a0800ed9e92c64dae7d4a6341fcb0f1d04a52a637d898117ec8f6c"

===== tick: sync, so the server issues a new token =====
>>> REPORT /test/expiry/
>>> Depth: 0
>>> Content-Type: application/xml; charset=utf-8
>>> <?xml version="1.0" encoding="utf-8"?><D:sync-collection xmlns:D="DAV:"><D:sync-token/><D:sync-level>1</D:sync-level><D:prop><D:getetag/></D:prop></D:sync-collection>
<<< 207 Multi-Status
<<< Content-Type: text/xml; charset=utf-8
<<< <?xml version='1.0' encoding='utf-8'?>
<<< <multistatus xmlns="DAV:"><sync-token>http://radicale.org/ns/sync/9a41f9f4b2c41589af0b3cde7bddff1dd80e1242e5efba5859d5f64c2cd0bb9d</sync-token><response><href>/test/expiry/edited.ics</href><propstat><prop><getetag>"b1c50ab0d0459c533f27c1a2e25694d21a162e8f83244be29cefb154cf787258"</getetag></prop><status>HTTP/1.1 200 OK</status></propstat></response><response><href>/test/expiry/later0.ics</href><propstat><prop><getetag>"19a5ec532f0644483c00fa01e79988dde29de708095c8fba31f36ef466f9bb7e"</getetag></prop><status>HTTP/1.1 200 OK</status></propstat></response><response><href>/test/expiry/later1.ics</href><propstat><prop><getetag>"4393d2666529d8abde4c2d8e6c142b634c88290fa16894cd3453b98081f925ad"</getetag></prop><status>HTTP/1.1 200 OK</status></propstat></response><response><href>/test/expiry/later2.ics</href><propstat><prop><getetag>"6532eea3b6c54dd89bd08a068ee1792481a6a45d9a45595677d2229b2cebd1e0"</getetag></prop><status>HTTP/1.1 200 OK</status></propstat></response><response><href>/test/expiry/tick-83d524b2-6db5-4a8f-be6a-8495eb62e760.ics</href><propstat><prop><getetag>"29857d98be0c52c85573be2e8023a8e78a8321a294126e65a3f00f7d569e2012"</getetag></prop><status>HTTP/1.1 200 OK</status></propstat></response><response><href>/test/expiry/tick-a10e71b2-cc9e-468b-bf48-e17cd955cda1.ics</href><propstat><prop><getetag>"90d1619e08a0800ed9e92c64dae7d4a6341fcb0f1d04a52a637d898117ec8f6c"</getetag></prop><status>HTTP/1.1 200 OK</status></propstat></response></multistatus>

RESULT [Radicale] tick: create 201, new token issued: True
