
===== create calendar =====
>>> MKCALENDAR /test/expiry/
<<< 201 Created

===== create known =====
>>> PUT /test/expiry/known.ics
>>> Content-Type: text/calendar; charset=utf-8
>>> BEGIN:VCALENDAR

>>> VERSION:2.0

>>> PRODID:-//calendaring-sync evidence//EN

>>> BEGIN:VEVENT

>>> UID:known

>>> DTSTAMP:20261010T000000Z

>>> DTSTART:20261020T100000Z

>>> DTEND:20261020T110000Z

>>> SUMMARY:v1

>>> END:VEVENT

>>> END:VCALENDAR

>>> 
<<< 201 Created
<<< ETag: "2b491ce16b86c362d670b3cc1f2b5b647de900f0779d08a362c3c09793cfaba5"

===== create edited =====
>>> PUT /test/expiry/edited.ics
>>> Content-Type: text/calendar; charset=utf-8
>>> BEGIN:VCALENDAR

>>> VERSION:2.0

>>> PRODID:-//calendaring-sync evidence//EN

>>> BEGIN:VEVENT

>>> UID:edited

>>> DTSTAMP:20261010T000000Z

>>> DTSTART:20261020T100000Z

>>> DTEND:20261020T110000Z

>>> SUMMARY:v1

>>> END:VEVENT

>>> END:VCALENDAR

>>> 
<<< 201 Created
<<< ETag: "c3e1e53dda136a1593f9559b7e3c778195e9d93eca1340bf9b5e83316e4ed30c"

===== full sync =====
>>> REPORT /test/expiry/
>>> Depth: 0
>>> Content-Type: application/xml; charset=utf-8
>>> <?xml version="1.0" encoding="utf-8"?><D:sync-collection xmlns:D="DAV:"><D:sync-token/><D:sync-level>1</D:sync-level><D:prop><D:getetag/></D:prop></D:sync-collection>
<<< 207 Multi-Status
<<< Content-Type: text/xml; charset=utf-8
<<< <?xml version='1.0' encoding='utf-8'?>
<<< <multistatus xmlns="DAV:"><sync-token>http://radicale.org/ns/sync/765045b504c5715ae473f9114d76de2883830b007277913c5d05892e3dfaa9b4</sync-token><response><href>/test/expiry/edited.ics</href><propstat><prop><getetag>"c3e1e53dda136a1593f9559b7e3c778195e9d93eca1340bf9b5e83316e4ed30c"</getetag></prop><status>HTTP/1.1 200 OK</status></propstat></response><response><href>/test/expiry/known.ics</href><propstat><prop><getetag>"2b491ce16b86c362d670b3cc1f2b5b647de900f0779d08a362c3c09793cfaba5"</getetag></prop><status>HTTP/1.1 200 OK</status></propstat></response></multistatus>

===== delete known =====
>>> DELETE /test/expiry/known.ics
<<< 200 OK
<<< Content-Type: text/xml; charset=utf-8
<<< <?xml version='1.0' encoding='utf-8'?>
<<< <multistatus xmlns="DAV:"><response><href>/test/expiry/known.ics</href><status>HTTP/1.1 200 OK</status></response></multistatus>

===== edit edited =====
>>> PUT /test/expiry/edited.ics
>>> Content-Type: text/calendar; charset=utf-8
>>> BEGIN:VCALENDAR

>>> VERSION:2.0

>>> PRODID:-//calendaring-sync evidence//EN

>>> BEGIN:VEVENT

>>> UID:edited

>>> DTSTAMP:20261010T000000Z

>>> DTSTART:20261020T100000Z

>>> DTEND:20261020T110000Z

>>> SUMMARY:v2

>>> END:VEVENT

>>> END:VCALENDAR

>>> 
<<< 204 No Content
<<< ETag: "b1c50ab0d0459c533f27c1a2e25694d21a162e8f83244be29cefb154cf787258"

===== create later0 =====
>>> PUT /test/expiry/later0.ics
>>> Content-Type: text/calendar; charset=utf-8
>>> BEGIN:VCALENDAR

>>> VERSION:2.0

>>> PRODID:-//calendaring-sync evidence//EN

>>> BEGIN:VEVENT

>>> UID:later0

>>> DTSTAMP:20261010T000000Z

>>> DTSTART:20261020T100000Z

>>> DTEND:20261020T110000Z

>>> SUMMARY:x

>>> END:VEVENT

>>> END:VCALENDAR

>>> 
<<< 201 Created
<<< ETag: "19a5ec532f0644483c00fa01e79988dde29de708095c8fba31f36ef466f9bb7e"

===== create later1 =====
>>> PUT /test/expiry/later1.ics
>>> Content-Type: text/calendar; charset=utf-8
>>> BEGIN:VCALENDAR

>>> VERSION:2.0

>>> PRODID:-//calendaring-sync evidence//EN

>>> BEGIN:VEVENT

>>> UID:later1

>>> DTSTAMP:20261010T000000Z

>>> DTSTART:20261020T100000Z

>>> DTEND:20261020T110000Z

>>> SUMMARY:x

>>> END:VEVENT

>>> END:VCALENDAR

>>> 
<<< 201 Created
<<< ETag: "4393d2666529d8abde4c2d8e6c142b634c88290fa16894cd3453b98081f925ad"

===== create later2 =====
>>> PUT /test/expiry/later2.ics
>>> Content-Type: text/calendar; charset=utf-8
>>> BEGIN:VCALENDAR

>>> VERSION:2.0

>>> PRODID:-//calendaring-sync evidence//EN

>>> BEGIN:VEVENT

>>> UID:later2

>>> DTSTAMP:20261010T000000Z

>>> DTSTART:20261020T100000Z

>>> DTEND:20261020T110000Z

>>> SUMMARY:x

>>> END:VEVENT

>>> END:VCALENDAR

>>> 
<<< 201 Created
<<< ETag: "6532eea3b6c54dd89bd08a068ee1792481a6a45d9a45595677d2229b2cebd1e0"

===== incremental from the saved token, before expiry =====
>>> REPORT /test/expiry/
>>> Depth: 0
>>> Content-Type: application/xml; charset=utf-8
>>> <?xml version="1.0" encoding="utf-8"?><D:sync-collection xmlns:D="DAV:"><D:sync-token>http://radicale.org/ns/sync/765045b504c5715ae473f9114d76de2883830b007277913c5d05892e3dfaa9b4</D:sync-token><D:sync-level>1</D:sync-level><D:prop><D:getetag/></D:prop></D:sync-collection>
<<< 207 Multi-Status
<<< Content-Type: text/xml; charset=utf-8
<<< <?xml version='1.0' encoding='utf-8'?>
<<< <multistatus xmlns="DAV:"><sync-token>http://radicale.org/ns/sync/74d95a4f2fa567ba425f9f178e49bf775f0e43b18fc6997a1515584b6fb923cb</sync-token><response><href>/test/expiry/known.ics</href><status>HTTP/1.1 404 Not Found</status></response><response><href>/test/expiry/edited.ics</href><propstat><prop><getetag>"b1c50ab0d0459c533f27c1a2e25694d21a162e8f83244be29cefb154cf787258"</getetag></prop><status>HTTP/1.1 200 OK</status></propstat></response><response><href>/test/expiry/later0.ics</href><propstat><prop><getetag>"19a5ec532f0644483c00fa01e79988dde29de708095c8fba31f36ef466f9bb7e"</getetag></prop><status>HTTP/1.1 200 OK</status></propstat></response><response><href>/test/expiry/later1.ics</href><propstat><prop><getetag>"4393d2666529d8abde4c2d8e6c142b634c88290fa16894cd3453b98081f925ad"</getetag></prop><status>HTTP/1.1 200 OK</status></propstat></response><response><href>/test/expiry/later2.ics</href><propstat><prop><getetag>"6532eea3b6c54dd89bd08a068ee1792481a6a45d9a45595677d2229b2cebd1e0"</getetag></prop><status>HTTP/1.1 200 OK</status></propstat></response></multistatus>

RESULT [Radicale] before expiry, incremental from the saved token: [('known.ics', '404'), ('edited.ics', '200'), ('later0.ics', '200'), ('later1.ics', '200'), ('later2.ics', '200')]
