
===== current state =====
>>> CalendarEvent/get {"ids": []}
<<< CalendarEvent/get {"accountId": "b", "state": "sdi", "list": [], "notFound": []}

===== calendars =====
>>> Calendar/get {"ids": null}
<<< Calendar/get {"accountId": "b", "state": "sam", "list": [{"id": "b", "name": "Stalwart Calendar (testuser@example.org)", "description": null, "color": null, "sortOrder": 0, "isSubscribed": true, "isVisible": true, "isDefault": true, "includeInAvailability": "all", "defaultAlertsWithTime": {}, "defaultAlertsWithoutTime": {}, "timeZone": null, "shareWith": {}, "myRights": {"mayReadFreeBusy": true, "mayReadItems": true, "mayWriteAll": true, "mayWriteOwn": true, "mayUpdatePrivate": true, "mayRSVP": true, "mayShare": true, "mayDelete": true}}, {"id": "c", "name": "client", "description": null, "color": null, "sortOrder": 0, "isSubscribed": false, "isVisible": true, "isDefault": false, "includeInAvailability": "all", "defaultAlertsWithTime": {}, "defaultAlertsWithoutTime": {}, "timeZone": null, "shareWith": {}, "myRights": {"mayReadFreeBusy": true, "mayReadItems": true, "mayWriteAll": true, "mayWriteOwn": true, "mayUpdatePrivate": true, "mayRSVP": true, "mayShare": true, "mayDelete": true}}, {"id": "d", "name": "probe", "description": null, "color": null, "sortOrder": 0, "isSubscribed": false, "isVisible": true, "isDefault": false, "includeInAvailability": "all", "defaultAlertsWithTime": {}, "defaultAlertsWithoutTime": {}, "timeZone": null, "shareWith": {}, "myRights": {"mayReadFreeBusy": true, "mayReadItems": true, "mayWriteAll": true, "mayWriteOwn": true, "mayUpdatePrivate": true, "mayRSVP": true, "mayShare": true, "mayDelete": true}}], "notFound": []}

===== 2 create a, b, c =====
>>> CalendarEvent/set {"create": {"a": {"@type": "Event", "uid": "probe-a", "title": "a", "calendarIds": {"b": true}, "start": "2026-10-20T10:00:00", "timeZone": "Etc/UTC", "duration": "PT1H"}, "b": {"@type": "Event", "uid": "probe-b", "title": "b", "calendarIds": {"b": true}, "start": "2026-10-20T10:00:00", "timeZone": "Etc/UTC", "duration": "PT1H"}, "c": {"@type": "Event", "uid": "probe-c", "title": "c", "calendarIds": {"b": true}, "start": "2026-10-20T10:00:00", "timeZone": "Etc/UTC", "duration": "PT1H"}}}
<<< CalendarEvent/set {"accountId": "b", "oldState": "sdi", "newState": "sdm", "created": {"a": {"id": "p"}, "b": {"id": "q"}, "c": {"id": "r"}}}

===== 2 update a, destroy b, create d =====
>>> CalendarEvent/set {"update": {"p": {"title": "a v2"}}, "destroy": ["q"], "create": {"d": {"@type": "Event", "uid": "probe-d", "title": "d", "calendarIds": {"b": true}, "start": "2026-10-20T10:00:00", "timeZone": "Etc/UTC", "duration": "PT1H"}}}
<<< CalendarEvent/set {"accountId": "b", "oldState": "sdm", "newState": "sdq", "created": {"d": {"id": "s"}}, "updated": {"p": null}, "destroyed": ["q"]}

===== 2 page 0 =====
>>> CalendarEvent/changes {"sinceState": "sdi", "maxChanges": 1}
<<< CalendarEvent/changes {"accountId": "b", "oldState": "sdi", "newState": "rdmaqc", "hasMoreChanges": true, "created": ["r"], "updated": [], "destroyed": []}

===== 2 page 1 =====
>>> CalendarEvent/changes {"sinceState": "rdmaqc", "maxChanges": 1}
<<< CalendarEvent/changes {"accountId": "b", "oldState": "rdmaqc", "newState": "rdmaqe", "hasMoreChanges": true, "created": ["p"], "updated": [], "destroyed": []}

===== 2 page 2 =====
>>> CalendarEvent/changes {"sinceState": "rdmaqe", "maxChanges": 1}
<<< CalendarEvent/changes {"accountId": "b", "oldState": "rdmaqe", "newState": "sdq", "hasMoreChanges": false, "created": ["s"], "updated": [], "destroyed": []}

===== 2 unpaged =====
>>> CalendarEvent/changes {"sinceState": "sdi"}
<<< CalendarEvent/changes {"accountId": "b", "oldState": "sdi", "newState": "sdq", "hasMoreChanges": false, "created": ["r", "p", "s"], "updated": [], "destroyed": []}

===== 3 create e =====
>>> CalendarEvent/set {"create": {"e": {"@type": "Event", "uid": "probe-e", "title": "e", "calendarIds": {"b": true}, "start": "2026-10-20T10:00:00", "timeZone": "Etc/UTC", "duration": "PT1H"}}}
<<< CalendarEvent/set {"accountId": "b", "oldState": "sdq", "newState": "sdu", "created": {"e": {"id": "t"}}}

===== 3 destroy e =====
>>> CalendarEvent/set {"destroy": ["t"]}
<<< CalendarEvent/set {"accountId": "b", "oldState": "sdu", "newState": "sdy", "destroyed": ["t"]}

===== 3 changes after e was created and destroyed =====
>>> CalendarEvent/changes {"sinceState": "sdq"}
<<< CalendarEvent/changes {"accountId": "b", "oldState": "sdq", "newState": "sdy", "hasMoreChanges": false, "created": [], "updated": [], "destroyed": []}

===== 4 sinceState garbage =====
>>> CalendarEvent/changes {"sinceState": "garbage-state"}
<<< error {"type": "invalidArguments", "description": "invalid JMAP State at line 1 column 166"}

===== 4 sinceState empty =====
>>> CalendarEvent/changes {"sinceState": ""}
<<< error {"type": "invalidArguments", "description": "invalid JMAP State at line 1 column 153"}

===== 4 sinceState real state with its last character changed =====
>>> CalendarEvent/changes {"sinceState": "sdA"}
<<< CalendarEvent/changes {"accountId": "b", "oldState": "sda", "newState": "sdy", "hasMoreChanges": false, "created": ["n", "o", "r", "p", "s"], "updated": [], "destroyed": []}

===== 4 sinceState current state with a suffix =====
>>> CalendarEvent/changes {"sinceState": "sdqx"}
<<< CalendarEvent/changes {"accountId": "b", "oldState": "sdq", "newState": "sdy", "hasMoreChanges": false, "created": [], "updated": [], "destroyed": []}

===== 5 ifInState stale =====
>>> CalendarEvent/set {"ifInState": "sdi", "update": {"p": {"title": "a v3"}}}
<<< error {"type": "stateMismatch", "description": "An \"ifInState\" argument was supplied, but it does not match the current state."}

===== current state =====
>>> CalendarEvent/get {"ids": []}
<<< CalendarEvent/get {"accountId": "b", "state": "sdy", "list": [], "notFound": []}

===== 5 ifInState current =====
>>> CalendarEvent/set {"ifInState": "sdy", "update": {"p": {"title": "a v3"}}}
<<< CalendarEvent/set {"accountId": "b", "oldState": "sdy", "newState": "sd2", "updated": {"p": null}}

===== 6 get a =====
>>> CalendarEvent/get {"ids": ["p"]}
<<< CalendarEvent/get {"accountId": "b", "state": "sd2", "list": [{"uid": "probe-a", "@type": "Event", "duration": "PT1H", "updated": "2026-10-10T06:24:57Z", "timeZone": "Etc/UTC", "start": "2026-10-20T10:00:00", "title": "a v3", "id": "p", "calendarIds": {"b": true}, "isDraft": false, "isOrigin": true}], "notFound": []}

===== 7 create without version =====
>>> CalendarEvent/set {"create": {"n": {"@type": "Event", "uid": "probe-noversion", "title": "no version", "calendarIds": {"b": true}, "start": "2026-10-20T10:00:00", "timeZone": "Etc/UTC", "duration": "PT1H"}}}
<<< CalendarEvent/set {"accountId": "b", "oldState": "sd2", "newState": "sea", "created": {"n": {"id": "u"}}}

===== 8 create with an existing uid =====
>>> CalendarEvent/set {"create": {"dup": {"@type": "Event", "uid": "probe-a", "title": "dup", "calendarIds": {"b": true}, "start": "2026-10-20T10:00:00", "timeZone": "Etc/UTC", "duration": "PT1H"}}}
<<< CalendarEvent/set {"accountId": "b", "oldState": "sea", "newState": "sea", "notCreated": {"dup": {"type": "invalidProperties", "description": "An event with UID probe-a already exists.", "properties": ["uid"]}}}

===== 8 update a destroyed id =====
>>> CalendarEvent/set {"update": {"q": {"title": "gone"}}}
<<< CalendarEvent/set {"accountId": "b", "oldState": "sea", "newState": "sea", "notUpdated": {"q": {"type": "notFound"}}}

===== 8 destroy a destroyed id =====
>>> CalendarEvent/set {"destroy": ["q"]}
<<< CalendarEvent/set {"accountId": "b", "oldState": "sea", "newState": "sea", "notDestroyed": {"q": {"type": "notFound"}}}

===== 9 create five =====
>>> CalendarEvent/set {"create": {"l0": {"@type": "Event", "uid": "probe-list-0", "title": "before 0", "calendarIds": {"b": true}, "start": "2026-10-20T10:00:00", "timeZone": "Etc/UTC", "duration": "PT1H"}, "l1": {"@type": "Event", "uid": "probe-list-1", "title": "before 1", "calendarIds": {"b": true}, "start": "2026-10-20T10:00:00", "timeZone": "Etc/UTC", "duration": "PT1H"}, "l2": {"@type": "Event", "uid": "probe-list-2", "title": "before 2", "calendarIds": {"b": true}, "start": "2026-10-20T10:00:00", "timeZone": "Etc/UTC", "duration": "PT1H"}, "l3": {"@type": "Event", "uid": "probe-list-3", "title": "before 3", "calendarIds": {"b": true}, "start": "2026-10-20T10:00:00", "timeZone": "Etc/UTC", "duration": "PT1H"}, "l4": {"@type": "Event", "uid": "probe-list-4", "title": "before 4", "calendarIds": {"b": true}, "start": "2026-10-20T10:00:00", "timeZone": "Etc/UTC", "duration": "PT1H"}}}
<<< CalendarEvent/set {"accountId": "b", "oldState": "sea", "newState": "see", "created": {"l4": {"id": "z"}, "l0": {"id": "v"}, "l1": {"id": "w"}, "l3": {"id": "y"}, "l2": {"id": "x"}}}

===== current state =====
>>> CalendarEvent/get {"ids": []}
<<< CalendarEvent/get {"accountId": "b", "state": "see", "list": [], "notFound": []}

===== 9 query page 0 =====
>>> CalendarEvent/query {"position": 0, "limit": 2}
<<< CalendarEvent/query {"accountId": "b", "queryState": "see", "canCalculateChanges": true, "position": 0, "ids": ["b", "g"], "limit": 2}

===== 9 get page 0 =====
>>> CalendarEvent/get {"ids": ["b", "g"], "properties": ["title"]}
<<< CalendarEvent/get {"accountId": "b", "state": "see", "list": [{"title": "a v3", "id": "b"}, {"title": "c v2", "id": "g"}], "notFound": []}

===== 9 change an event mid-listing =====
>>> CalendarEvent/set {"update": {"r": {"title": "changed mid-listing"}}}
<<< CalendarEvent/set {"accountId": "b", "oldState": "see", "newState": "sei", "updated": {"r": null}}

===== 9 create an event mid-listing =====
>>> CalendarEvent/set {"create": {"m": {"@type": "Event", "uid": "probe-mid", "title": "created mid-listing", "calendarIds": {"b": true}, "start": "2026-10-20T10:00:00", "timeZone": "Etc/UTC", "duration": "PT1H"}}}
<<< CalendarEvent/set {"accountId": "b", "oldState": "sei", "newState": "sem", "created": {"m": {"id": "7"}}}

===== 9 query page 1 =====
>>> CalendarEvent/query {"position": 2, "limit": 2}
<<< CalendarEvent/query {"accountId": "b", "queryState": "sem", "canCalculateChanges": true, "position": 2, "ids": ["h", "i"], "limit": 2}

===== 9 get page 1 =====
>>> CalendarEvent/get {"ids": ["h", "i"], "properties": ["title"]}
<<< CalendarEvent/get {"accountId": "b", "state": "sem", "list": [{"title": "no DTSTAMP", "id": "h"}, {"title": "round trip", "id": "i"}], "notFound": []}

===== 9 query page 2 =====
>>> CalendarEvent/query {"position": 4, "limit": 2}
<<< CalendarEvent/query {"accountId": "b", "queryState": "sem", "canCalculateChanges": true, "position": 4, "ids": ["j", "m"], "limit": 2}

===== 9 get page 2 =====
>>> CalendarEvent/get {"ids": ["j", "m"], "properties": ["title"]}
<<< CalendarEvent/get {"accountId": "b", "state": "sem", "list": [{"title": "v2 changed after the report", "id": "j"}, {"title": "x", "id": "m"}], "notFound": []}

===== 9 query page 3 =====
>>> CalendarEvent/query {"position": 6, "limit": 2}
<<< CalendarEvent/query {"accountId": "b", "queryState": "sem", "canCalculateChanges": true, "position": 6, "ids": ["n", "o"], "limit": 2}

===== 9 get page 3 =====
>>> CalendarEvent/get {"ids": ["n", "o"], "properties": ["title"]}
<<< CalendarEvent/get {"accountId": "b", "state": "sem", "list": [{"title": "x", "id": "n"}, {"title": "x", "id": "o"}], "notFound": []}

===== 9 query page 4 =====
>>> CalendarEvent/query {"position": 8, "limit": 2}
<<< CalendarEvent/query {"accountId": "b", "queryState": "sem", "canCalculateChanges": true, "position": 8, "ids": ["p", "r"], "limit": 2}

===== 9 get page 4 =====
>>> CalendarEvent/get {"ids": ["p", "r"], "properties": ["title"]}
<<< CalendarEvent/get {"accountId": "b", "state": "sem", "list": [{"title": "a v3", "id": "p"}, {"title": "changed mid-listing", "id": "r"}], "notFound": []}

===== 9 query page 5 =====
>>> CalendarEvent/query {"position": 10, "limit": 2}
<<< CalendarEvent/query {"accountId": "b", "queryState": "sem", "canCalculateChanges": true, "position": 10, "ids": ["s", "u"], "limit": 2}

===== 9 get page 5 =====
>>> CalendarEvent/get {"ids": ["s", "u"], "properties": ["title"]}
<<< CalendarEvent/get {"accountId": "b", "state": "sem", "list": [{"title": "d", "id": "s"}, {"title": "no version", "id": "u"}], "notFound": []}

===== 9 query page 6 =====
>>> CalendarEvent/query {"position": 12, "limit": 2}
<<< CalendarEvent/query {"accountId": "b", "queryState": "sem", "canCalculateChanges": true, "position": 12, "ids": ["v", "w"], "limit": 2}

===== 9 get page 6 =====
>>> CalendarEvent/get {"ids": ["v", "w"], "properties": ["title"]}
<<< CalendarEvent/get {"accountId": "b", "state": "sem", "list": [{"title": "before 0", "id": "v"}, {"title": "before 1", "id": "w"}], "notFound": []}

===== 9 query page 7 =====
>>> CalendarEvent/query {"position": 14, "limit": 2}
<<< CalendarEvent/query {"accountId": "b", "queryState": "sem", "canCalculateChanges": true, "position": 14, "ids": ["x", "y"], "limit": 2}

===== 9 get page 7 =====
>>> CalendarEvent/get {"ids": ["x", "y"], "properties": ["title"]}
<<< CalendarEvent/get {"accountId": "b", "state": "sem", "list": [{"title": "before 2", "id": "x"}, {"title": "before 3", "id": "y"}], "notFound": []}

===== 9 query page 8 =====
>>> CalendarEvent/query {"position": 16, "limit": 2}
<<< CalendarEvent/query {"accountId": "b", "queryState": "sem", "canCalculateChanges": true, "position": 16, "ids": ["z", "7"], "limit": 2}

===== 9 get page 8 =====
>>> CalendarEvent/get {"ids": ["z", "7"], "properties": ["title"]}
<<< CalendarEvent/get {"accountId": "b", "state": "sem", "list": [{"title": "before 4", "id": "z"}, {"title": "created mid-listing", "id": "7"}], "notFound": []}

===== 9 query page 9 =====
>>> CalendarEvent/query {"position": 18, "limit": 2}
<<< CalendarEvent/query {"accountId": "b", "queryState": "sem", "canCalculateChanges": true, "position": 18, "ids": [], "limit": 2}

===== 9 changes from the state read before listing =====
>>> CalendarEvent/changes {"sinceState": "see"}
<<< CalendarEvent/changes {"accountId": "b", "oldState": "see", "newState": "sem", "hasMoreChanges": false, "created": ["7"], "updated": ["r"], "destroyed": []}

RESULT [Stalwart] 1 capabilities: calendars: True, tasks: False
RESULT [Stalwart] 2 paging: pages 3; oldState echoed on every page: True; ends at the unpaged newState: True; paged {'created': ['p', 'r', 's'], 'updated': [], 'destroyed': []}; unpaged created ['r', 'p', 's'] destroyed []
RESULT [Stalwart] 3 created and destroyed between states: listed in nothing
RESULT [Stalwart] 4 sinceState garbage: invalidArguments
RESULT [Stalwart] 4 sinceState empty: invalidArguments
RESULT [Stalwart] 4 sinceState real state with its last character changed: answered, oldState 'sda' for sinceState 'sdA', echoed: False
RESULT [Stalwart] 4 sinceState current state with a suffix: answered, oldState 'sdq' for sinceState 'sdqx', echoed: False
RESULT [Stalwart] 5 ifInState stale: error stateMismatch
RESULT [Stalwart] 5 ifInState current: updated ['p']
RESULT [Stalwart] 6 properties the server added: ['isDraft', 'isOrigin', 'updated']
RESULT [Stalwart] 7 create without version: "accepted"
RESULT [Stalwart] 8 duplicate uid: {"dup": {"type": "invalidProperties", "description": "An event with UID probe-a already exists.", "properties": ["uid"]}}
RESULT [Stalwart] 8 update a destroyed id: {"q": {"type": "notFound"}}
RESULT [Stalwart] 8 destroy a destroyed id: {"q": {"type": "notFound"}}
RESULT [Stalwart] PASS 9 the event changed mid-listing is reported: ok
RESULT [Stalwart] PASS 9 the event created mid-listing is reported: ok
