Expunging deleted messages in mailboxes older than 0.00 days
cleaning up expunged messages in user.user1
cleaning up expunged messages in user.user1.#addressbooks
cleaning up expunged messages in user.user1.#addressbooks.Default
cleaning up expunged messages in user.user1.#calendars
cleaning up expunged messages in user.user1.#calendars.Attachments
cleaning up expunged messages in user.user1.#calendars.Default
cleaning up expunged messages in user.user1.#calendars.Inbox
cleaning up expunged messages in user.user1.#calendars.Outbox
cleaning up expunged messages in user.user1.#calendars.client
cleaning up expunged messages in user.user1.#calendars.expiry
cleaning up expunged messages in user.user1.#calendars.probe
cleaning up expunged messages in user.user1.#jmapnotification
cleaning up expunged messages in user.user1.#notifications
cleaning up expunged messages in user.user1.Archive
cleaning up expunged messages in user.user1.Drafts
cleaning up expunged messages in user.user1.Sent
cleaning up expunged messages in user.user1.Spam
cleaning up expunged messages in user.user1.Trash
Expired 0 and expunged 26 out of 50 messages from 18 mailboxes
Removing conversation entries older than 90.00 days
Pruning conversations from db /var/imap/config/user/uuid/3/D/3D55EF5C-C473-11F1-8378-AA3B52AE6379/conversations.db
Expired 0 entries of 41 entries seen in 1 conversation databases
Removing deleted mailboxes older than 0.00 days
Removed 0 deleted mailboxes
